[liberatoryai.datainfrastructures.org/index.html]
[backblue.gif]
[fade.gif]
[index.html]
[liberatoryai.datainfrastructures.org/feed/index.html]
[liberatoryai.datainfrastructures.org/wp-json/oembed/1.0/embed1bab.json]
[liberatoryai.datainfrastructures.org/comments/feed/index.html]
[liberatoryai.datainfrastructures.org/wp-json/oembed/1.0/embeda37b]
[liberatoryai.datainfrastructures.org/wp-includes/js/jquery/jquery.min82e7.js]
[liberatoryai.datainfrastructures.org/wp-includes/js/jquery/jquery-migrate.minfeb8.js]
[liberatoryai.datainfrastructures.org/wp-json/wp/v2/pages/20.json]
[liberatoryai.datainfrastructures.org/wp-json/index.html]
[liberatoryai.datainfrastructures.org/xmlrpc0db0.php]
[liberatoryai.datainfrastructures.org/wp-includes/js/dist/script-modules/interactivity/index.min9db3.js]
[liberatoryai.datainfrastructures.org/wp-content/themes/twentytwentyfive/assets/fonts/manrope/Manrope-VariableFont_wght.woff2]
[liberatoryai.datainfrastructures.org/wp-content/themes/twentytwentyfive/assets/fonts/fira-code/FiraCode-VariableFont_wght.woff2]
[liberatoryai.datainfrastructures.org/wp-content/uploads/2025/04/250427LinAI__corporateAI6-1024x1024.png]
[liberatoryai.datainfrastructures.org/category/corporate-ai-landscape/index.html]
[liberatoryai.datainfrastructures.org/category/dead-ends/index.html]
[liberatoryai.datainfrastructures.org/wp-content/uploads/2025/04/250427LinAI__waysForward5-1024x1024.png]
[liberatoryai.datainfrastructures.org/category/ways-forward/index.html]
[liberatoryai.datainfrastructures.org/corporate-ai-uses-troubling-benchmarks/index.html]
[liberatoryai.datainfrastructures.org/corporate-ai-is-nowhere/index.html]
[liberatoryai.datainfrastructures.org/wp-includes/js/dist/script-modules/block-library/navigation/view.min8016.js]
[liberatoryai.datainfrastructures.org/corporate-ai-is-bad-for-the-planet/index.html]
[liberatoryai.datainfrastructures.org/corporate-ai-threatens-democracy/index.html]
[liberatoryai.datainfrastructures.org/wp-content/themes/islands/js/demo630c.js]
[liberatoryai.datainfrastructures.org/index.html]
[liberatoryai.datainfrastructures.org/corporate-ai-is-built-by-exploited-laborers/index.html]
[liberatoryai.datainfrastructures.org/corporate-ai-is-colonialist/index.html]
[liberatoryai.datainfrastructures.org/liberatory-ai-is-place-based/index.html]
[liberatoryai.datainfrastructures.org/african-feminist-approaches-to-liberatory-ai/index.html]
[liberatoryai.datainfrastructures.org/wp-content/plugins/svg-support/css/svgs-attachment3873.css]
[liberatoryai.datainfrastructures.org/ai-must-be-built-under-humane-conditions/index.html]
[liberatoryai.datainfrastructures.org/communities-decide-if-ai-is-working-for-them/index.html]
[liberatoryai.datainfrastructures.org/wp-content/themes/islands/images/felt-large.png]
[liberatoryai.datainfrastructures.org/about/index.html]
[liberatoryai.datainfrastructures.org/ai-can-work-in-harmony-with-the-environment/index.html]
[liberatoryai.datainfrastructures.org/contributors/index.html]
[liberatoryai.datainfrastructures.org/wp-content/themes/islands/stylebd6f.css]
[liberatoryai.datainfrastructures.org/wp-content/themes/twentytwentyfive/style43d1.css]
[liberatoryai.datainfrastructures.org/wp-content/themes/twentytwentyfive/style536e.css]
[liberatoryai.datainfrastructures.org/category/corporate-ai-landscape/feed/index.html]
[liberatoryai.datainfrastructures.org/wp-includes/js/jquery/jquery.min4164.js]
[liberatoryai.datainfrastructures.org/wp-includes/js/jquery/jquery-migrate.mine4d7.js]
[liberatoryai.datainfrastructures.org/wp-json/wp/v2/categories/6.json]
[liberatoryai.datainfrastructures.org/wp-content/uploads/2025/04/250427LinAI__corporateAI2.png]
[liberatoryai.datainfrastructures.org/wp-content/uploads/2025/04/250427LinAI__corporateAI5.png]
[liberatoryai.datainfrastructures.org/wp-content/uploads/2025/04/250427LinAI__corporateAI4.png]
[liberatoryai.datainfrastructures.org/wp-content/uploads/2025/04/250427LinAI__corporateAI6.png]
[liberatoryai.datainfrastructures.org/wp-content/uploads/2025/04/250427LinAI__corporateAI8.png]
[liberatoryai.datainfrastructures.org/wp-content/uploads/2025/04/250427LinAI__corporateAI7.png]
[liberatoryai.datainfrastructures.org/wp-content/themes/islands/js/demoa247.js]
[liberatoryai.datainfrastructures.org/category/corporate-ai-landscape/index.html]
[liberatoryai.datainfrastructures.org/category/dead-ends/feed/index.html]
[liberatoryai.datainfrastructures.org/wp-includes/js/jquery/jquery.min1bc8.js]
[liberatoryai.datainfrastructures.org/wp-includes/js/jquery/jquery-migrate.minb96b.js]
[liberatoryai.datainfrastructures.org/wp-json/wp/v2/categories/9.json]
[liberatoryai.datainfrastructures.org/wp-content/themes/islands/js/democ392.js]
[liberatoryai.datainfrastructures.org/category/dead-ends/index.html]
[liberatoryai.datainfrastructures.org/category/ways-forward/feed/index.html]
[liberatoryai.datainfrastructures.org/wp-includes/js/jquery/jquery.min4e88.js]
[liberatoryai.datainfrastructures.org/wp-includes/js/jquery/jquery-migrate.minae5a.js]
[liberatoryai.datainfrastructures.org/wp-json/wp/v2/categories/10.json]
[liberatoryai.datainfrastructures.org/wp-content/uploads/2025/04/250427LinAI__waysForward3.png]
[liberatoryai.datainfrastructures.org/wp-content/uploads/2025/04/250427LinAI__waysForward1.png]
[liberatoryai.datainfrastructures.org/wp-content/uploads/2025/04/250427LinAI__waysForward4.png]
[liberatoryai.datainfrastructures.org/wp-content/uploads/2025/04/250427LinAI__waysForward2.png]
[liberatoryai.datainfrastructures.org/wp-content/uploads/2025/04/250427LinAI__waysForward6.png]
[liberatoryai.datainfrastructures.org/wp-content/themes/islands/js/demo8f92.js]
[liberatoryai.datainfrastructures.org/category/ways-forward/index.html]
[liberatoryai.datainfrastructures.org/wp-json/oembed/1.0/embed3941.json]
[liberatoryai.datainfrastructures.org/wp-json/oembed/1.0/embede088]
[liberatoryai.datainfrastructures.org/wp-includes/js/jquery/jquery.min9761.js]
[liberatoryai.datainfrastructures.org/wp-includes/js/jquery/jquery-migrate.mine8f8.js]
[liberatoryai.datainfrastructures.org/wp-json/wp/v2/posts/286.json]
[liberatoryai.datainfrastructures.org/wp-content/themes/islands/js/demo.3f1360.delayed]
[liberatoryai.datainfrastructures.org/corporate-ai-is-nowhere/index.html]
[liberatoryai.datainfrastructures.org/author/amelia/index.html]
[liberatoryai.datainfrastructures.org/wp-json/oembed/1.0/embed1d15.json]
[liberatoryai.datainfrastructures.org/wp-json/oembed/1.0/embed2632]
[liberatoryai.datainfrastructures.org/wp-includes/js/jquery/jquery.mindcf5.js]
[liberatoryai.datainfrastructures.org/wp-includes/js/jquery/jquery-migrate.minc06b.js]
[liberatoryai.datainfrastructures.org/wp-json/wp/v2/posts/281.json]
[liberatoryai.datainfrastructures.org/wp-content/themes/islands/js/demo4a1c.js]
[liberatoryai.datainfrastructures.org/corporate-ai-uses-troubling-benchmarks/index.html]
[liberatoryai.datainfrastructures.org/author/yujia/index.html]
[liberatoryai.datainfrastructures.org/wp-json/oembed/1.0/embedb6ed.json]
[liberatoryai.datainfrastructures.org/wp-json/oembed/1.0/embed81de]
[liberatoryai.datainfrastructures.org/wp-includes/js/jquery/jquery.mine908.js]
[liberatoryai.datainfrastructures.org/wp-includes/js/jquery/jquery-migrate.min4d1f.js]
[liberatoryai.datainfrastructures.org/wp-json/wp/v2/posts/248.json]
[liberatoryai.datainfrastructures.org/wp-content/themes/islands/js/demo16be.js]
[liberatoryai.datainfrastructures.org/corporate-ai-is-built-by-exploited-laborers/index.html]
[liberatoryai.datainfrastructures.org/author/ololade/index.html]
[liberatoryai.datainfrastructures.org/wp-json/oembed/1.0/embed3e0d.json]
[liberatoryai.datainfrastructures.org/wp-json/oembed/1.0/embed5df3]
[liberatoryai.datainfrastructures.org/wp-includes/js/jquery/jquery.min5ae4.js]
[liberatoryai.datainfrastructures.org/wp-includes/js/jquery/jquery-migrate.minb3ce.js]
[liberatoryai.datainfrastructures.org/wp-json/wp/v2/posts/241.json]
[liberatoryai.datainfrastructures.org/wp-content/plugins/modern-footnotes/modern-footnotes.min912f.js]
[liberatoryai.datainfrastructures.org/wp-content/themes/islands/js/demo0271.js]
[liberatoryai.datainfrastructures.org/corporate-ai-threatens-democracy/index.html]
[liberatoryai.datainfrastructures.org/author/isa/index.html]
[liberatoryai.datainfrastructures.org/wp-json/oembed/1.0/embed553c.json]
[liberatoryai.datainfrastructures.org/wp-json/oembed/1.0/embed4bb0]
[liberatoryai.datainfrastructures.org/wp-includes/js/jquery/jquery.min1ffc.js]
[liberatoryai.datainfrastructures.org/wp-includes/js/jquery/jquery-migrate.min20aa.js]
[liberatoryai.datainfrastructures.org/wp-json/wp/v2/posts/234.json]
[liberatoryai.datainfrastructures.org/wp-content/themes/islands/js/demo3469.js]
[liberatoryai.datainfrastructures.org/corporate-ai-is-bad-for-the-planet/index.html]
[liberatoryai.datainfrastructures.org/author/hongjin/index.html]
[liberatoryai.datainfrastructures.org/wp-json/oembed/1.0/embed58c7.json]
[liberatoryai.datainfrastructures.org/wp-json/oembed/1.0/embed0774]
[liberatoryai.datainfrastructures.org/wp-includes/js/jquery/jquery.min546a.js]
[liberatoryai.datainfrastructures.org/wp-includes/js/jquery/jquery-migrate.min5c35.js]
[liberatoryai.datainfrastructures.org/wp-json/wp/v2/posts/227.json]
[liberatoryai.datainfrastructures.org/wp-content/plugins/modern-footnotes/modern-footnotes.min9bc7.js]
[liberatoryai.datainfrastructures.org/wp-content/themes/islands/js/demob2ac.js]
[liberatoryai.datainfrastructures.org/corporate-ai-is-colonialist/index.html]
[liberatoryai.datainfrastructures.org/author/alessandra/index.html]
[liberatoryai.datainfrastructures.org/wp-json/oembed/1.0/embed5540.json]
[liberatoryai.datainfrastructures.org/wp-json/oembed/1.0/embed5edc]
[liberatoryai.datainfrastructures.org/wp-includes/js/jquery/jquery.min3812.js]
[liberatoryai.datainfrastructures.org/wp-includes/js/jquery/jquery-migrate.minc73d.js]
[liberatoryai.datainfrastructures.org/wp-json/wp/v2/posts/289.json]
[liberatoryai.datainfrastructures.org/wp-content/themes/islands/js/demoe218.js]
[liberatoryai.datainfrastructures.org/african-feminist-approaches-to-liberatory-ai/index.html]
[liberatoryai.datainfrastructures.org/wp-json/oembed/1.0/embed7541.json]
[liberatoryai.datainfrastructures.org/wp-json/oembed/1.0/embedaa74]
[liberatoryai.datainfrastructures.org/wp-includes/js/jquery/jquery.min9a76.js]
[liberatoryai.datainfrastructures.org/wp-includes/js/jquery/jquery-migrate.min78ea.js]
[liberatoryai.datainfrastructures.org/wp-json/wp/v2/posts/284.json]
[liberatoryai.datainfrastructures.org/wp-content/themes/islands/js/demoa4a6.js]
[liberatoryai.datainfrastructures.org/liberatory-ai-is-place-based/index.html]
[liberatoryai.datainfrastructures.org/wp-json/oembed/1.0/embeda99e.json]
[liberatoryai.datainfrastructures.org/wp-json/oembed/1.0/embed34a4]
[liberatoryai.datainfrastructures.org/wp-includes/js/jquery/jquery.min2491.js]
[liberatoryai.datainfrastructures.org/wp-includes/js/jquery/jquery-migrate.min28e0.js]
[liberatoryai.datainfrastructures.org/wp-json/wp/v2/posts/253.json]
[liberatoryai.datainfrastructures.org/wp-content/themes/islands/js/demo13ab.js]
[liberatoryai.datainfrastructures.org/ai-must-be-built-under-humane-conditions/index.html]
[liberatoryai.datainfrastructures.org/wp-json/oembed/1.0/embedebee.json]
[liberatoryai.datainfrastructures.org/wp-json/oembed/1.0/embed9a26]
[liberatoryai.datainfrastructures.org/wp-includes/js/jquery/jquery.minfcb6.js]
[liberatoryai.datainfrastructures.org/wp-includes/js/jquery/jquery-migrate.min3c3d.js]
[liberatoryai.datainfrastructures.org/wp-json/wp/v2/posts/250.json]
[liberatoryai.datainfrastructures.org/wp-content/themes/islands/js/demoa6ae.js]
[liberatoryai.datainfrastructures.org/communities-decide-if-ai-is-working-for-them/index.html]
[liberatoryai.datainfrastructures.org/wp-json/oembed/1.0/embed1419.json]
[liberatoryai.datainfrastructures.org/wp-json/oembed/1.0/embed349d]
[liberatoryai.datainfrastructures.org/wp-includes/js/jquery/jquery.min0038.js]
[liberatoryai.datainfrastructures.org/wp-includes/js/jquery/jquery-migrate.min5378.js]
[liberatoryai.datainfrastructures.org/wp-json/wp/v2/posts/238.json]
[liberatoryai.datainfrastructures.org/wp-content/plugins/modern-footnotes/modern-footnotes.min8830.js]
[liberatoryai.datainfrastructures.org/wp-content/themes/islands/js/democ6e1.js]
[liberatoryai.datainfrastructures.org/ai-can-work-in-harmony-with-the-environment/index.html]
[liberatoryai.datainfrastructures.org/wp-json/oembed/1.0/embed45fb.json]
[liberatoryai.datainfrastructures.org/wp-json/oembed/1.0/embedd36f]
[liberatoryai.datainfrastructures.org/wp-includes/js/jquery/jquery.min7f5a.js]
[liberatoryai.datainfrastructures.org/wp-includes/js/jquery/jquery-migrate.min9788.js]
[liberatoryai.datainfrastructures.org/wp-json/wp/v2/pages/2.json]
[liberatoryai.datainfrastructures.org/wp-content/themes/islands/js/demoe1bf.js]
[liberatoryai.datainfrastructures.org/about/index.html]
[liberatoryai.datainfrastructures.org/wp-json/oembed/1.0/embed765b.json]
[liberatoryai.datainfrastructures.org/wp-json/oembed/1.0/embed980d]
[liberatoryai.datainfrastructures.org/wp-includes/js/jquery/jquery.mine2d8.js]
[liberatoryai.datainfrastructures.org/wp-includes/js/jquery/jquery-migrate.minf65d.js]
[liberatoryai.datainfrastructures.org/wp-json/wp/v2/pages/37.json]
[liberatoryai.datainfrastructures.org/author/bianchi/index.html]
[liberatoryai.datainfrastructures.org/author/catherine/index.html]
[liberatoryai.datainfrastructures.org/wp-content/uploads/2025/04/cropped-IMG_6184-1-200x200.jpg]
[liberatoryai.datainfrastructures.org/wp-content/uploads/2025/04/cropped-kendra-headshot-200x200.jpg]
[liberatoryai.datainfrastructures.org/author/kendra/index.html]
[liberatoryai.datainfrastructures.org/author/lauren/index.html]
[liberatoryai.datainfrastructures.org/wp-content/uploads/2025/04/cropped-Stevens-headshot-200x200.jpg]
[liberatoryai.datainfrastructures.org/author/nikko/index.html]
[liberatoryai.datainfrastructures.org/author/sybille/index.html]
[liberatoryai.datainfrastructures.org/wp-content/themes/islands/js/demob384.js]
[liberatoryai.datainfrastructures.org/contributors/index.html]
[liberatoryai.datainfrastructures.org/wp-content/themes/islands/grit.html]
[liberatoryai.datainfrastructures.org/wp-content/plugins/svg-support/css/svgs-attachment9451.css]
[liberatoryai.datainfrastructures.org/wp-content/themes/islands/style46e6.css]
[liberatoryai.datainfrastructures.org/wp-content/themes/twentytwentyfive/style4ab0.css]
[liberatoryai.datainfrastructures.org/wp-content/themes/twentytwentyfive/style23f7.css]
[liberatoryai.datainfrastructures.org/wp-content/plugins/svg-support/css/svgs-attachment200b.css]
[liberatoryai.datainfrastructures.org/wp-content/themes/islands/style32c0.css]
[liberatoryai.datainfrastructures.org/wp-content/themes/twentytwentyfive/stylef3c3.css]
[liberatoryai.datainfrastructures.org/wp-content/themes/twentytwentyfive/style3d54.css]
[liberatoryai.datainfrastructures.org/wp-content/plugins/svg-support/css/svgs-attachment95fe.css]
[liberatoryai.datainfrastructures.org/wp-content/themes/islands/styleb2cb.css]
[liberatoryai.datainfrastructures.org/wp-content/themes/twentytwentyfive/style2fe9.css]
[liberatoryai.datainfrastructures.org/wp-content/themes/twentytwentyfive/style94e5.css]
[liberatoryai.datainfrastructures.org/wp-content/plugins/svg-support/css/svgs-attachmentcead.css]
[liberatoryai.datainfrastructures.org/wp-content/themes/islands/style762b.css]
[liberatoryai.datainfrastructures.org/wp-content/themes/twentytwentyfive/stylee3d2.css]
[liberatoryai.datainfrastructures.org/wp-content/themes/twentytwentyfive/style4305.css]
[liberatoryai.datainfrastructures.org/index5c97.html]
[liberatoryai.datainfrastructures.org/author/amelia/feed/index.html]
[liberatoryai.datainfrastructures.org/wp-includes/js/jquery/jquery.minf459.js]
[liberatoryai.datainfrastructures.org/wp-includes/js/jquery/jquery-migrate.min879e.js]
[liberatoryai.datainfrastructures.org/wp-json/wp/v2/users/7.json]
[liberatoryai.datainfrastructures.org/wp-content/themes/islands/js/democ9a4.js]
[liberatoryai.datainfrastructures.org/author/amelia/index.html]
[liberatoryai.datainfrastructures.org/wp-content/plugins/svg-support/css/svgs-attachment271c.css]
[liberatoryai.datainfrastructures.org/wp-content/themes/islands/style47d2.css]
[liberatoryai.datainfrastructures.org/wp-content/themes/twentytwentyfive/style34e3.css]
[liberatoryai.datainfrastructures.org/wp-content/themes/twentytwentyfive/styled6d8.css]
[liberatoryai.datainfrastructures.org/index73fa.html]
[liberatoryai.datainfrastructures.org/author/yujia/feed/index.html]
[liberatoryai.datainfrastructures.org/wp-includes/js/jquery/jquery.min548c.js]
[liberatoryai.datainfrastructures.org/wp-includes/js/jquery/jquery-migrate.mincb17.js]
[liberatoryai.datainfrastructures.org/wp-json/wp/v2/users/11.json]
[liberatoryai.datainfrastructures.org/wp-content/themes/islands/js/demo9ed6.js]
[liberatoryai.datainfrastructures.org/author/yujia/index.html]
[liberatoryai.datainfrastructures.org/wp-content/plugins/svg-support/css/svgs-attachmenta40d.css]
[liberatoryai.datainfrastructures.org/wp-content/themes/islands/styled5d9.css]
[liberatoryai.datainfrastructures.org/wp-content/themes/twentytwentyfive/styleecba.css]
[liberatoryai.datainfrastructures.org/wp-content/themes/twentytwentyfive/stylefa25.css]
[liberatoryai.datainfrastructures.org/indexcf9a.html]
[liberatoryai.datainfrastructures.org/author/ololade/feed/index.html]
[liberatoryai.datainfrastructures.org/wp-includes/js/jquery/jquery.min7f3c.js]
[liberatoryai.datainfrastructures.org/wp-includes/js/jquery/jquery-migrate.minc444.js]
[liberatoryai.datainfrastructures.org/wp-json/wp/v2/users/13.json]
[liberatoryai.datainfrastructures.org/wp-content/themes/islands/js/demoe673.js]
[liberatoryai.datainfrastructures.org/author/ololade/index.html]
[liberatoryai.datainfrastructures.org/wp-content/plugins/modern-footnotes/styles.minf1d0.css]
[liberatoryai.datainfrastructures.org/wp-content/plugins/svg-support/css/svgs-attachmenta9f7.css]
[liberatoryai.datainfrastructures.org/wp-content/themes/islands/style1064.css]
[liberatoryai.datainfrastructures.org/wp-content/themes/twentytwentyfive/stylef071.css]
[liberatoryai.datainfrastructures.org/wp-content/themes/twentytwentyfive/style2762.css]
[liberatoryai.datainfrastructures.org/index03e1.html]
[liberatoryai.datainfrastructures.org/author/isa/feed/index.html]
[liberatoryai.datainfrastructures.org/wp-includes/js/jquery/jquery.min1cd4.js]
[liberatoryai.datainfrastructures.org/wp-includes/js/jquery/jquery-migrate.minfb90.js]
[liberatoryai.datainfrastructures.org/wp-json/wp/v2/users/6.json]
[liberatoryai.datainfrastructures.org/wp-content/themes/islands/js/demo3f0d.js]
[liberatoryai.datainfrastructures.org/author/isa/index.html]
[liberatoryai.datainfrastructures.org/wp-content/plugins/svg-support/css/svgs-attachment65ee.css]
[liberatoryai.datainfrastructures.org/wp-content/themes/islands/style0c31.css]
[liberatoryai.datainfrastructures.org/wp-content/themes/twentytwentyfive/style8975.css]
[liberatoryai.datainfrastructures.org/wp-content/themes/twentytwentyfive/stylefba5.css]
[liberatoryai.datainfrastructures.org/index6cd9.html]
[liberatoryai.datainfrastructures.org/author/hongjin/feed/index.html]
[liberatoryai.datainfrastructures.org/wp-includes/js/jquery/jquery.min10d9.js]
[liberatoryai.datainfrastructures.org/wp-includes/js/jquery/jquery-migrate.min1d01.js]
[liberatoryai.datainfrastructures.org/wp-json/wp/v2/users/8.json]
[liberatoryai.datainfrastructures.org/wp-content/themes/islands/js/demo94f2.js]
[liberatoryai.datainfrastructures.org/author/hongjin/index.html]
[liberatoryai.datainfrastructures.org/wp-content/plugins/modern-footnotes/styles.min618a.css]
[liberatoryai.datainfrastructures.org/wp-content/plugins/svg-support/css/svgs-attachment2fc5.css]
[liberatoryai.datainfrastructures.org/wp-content/themes/islands/style6fca.css]
[liberatoryai.datainfrastructures.org/wp-content/themes/twentytwentyfive/style4dae.css]
[liberatoryai.datainfrastructures.org/wp-content/themes/twentytwentyfive/styleb5d4.css]
[liberatoryai.datainfrastructures.org/index9a88.html]
[liberatoryai.datainfrastructures.org/author/alessandra/feed/index.html]
[liberatoryai.datainfrastructures.org/wp-includes/js/jquery/jquery.minb963.js]
[liberatoryai.datainfrastructures.org/wp-includes/js/jquery/jquery-migrate.minc318.js]
[liberatoryai.datainfrastructures.org/wp-json/wp/v2/users/10.json]
[liberatoryai.datainfrastructures.org/wp-content/themes/islands/js/demo6775.js]
[liberatoryai.datainfrastructures.org/author/alessandra/index.html]
[liberatoryai.datainfrastructures.org/wp-content/plugins/svg-support/css/svgs-attachmentc379.css]
[liberatoryai.datainfrastructures.org/wp-content/themes/islands/style2869.css]
[liberatoryai.datainfrastructures.org/wp-content/themes/twentytwentyfive/stylede66.css]
[liberatoryai.datainfrastructures.org/wp-content/themes/twentytwentyfive/style861e.css]
[liberatoryai.datainfrastructures.org/index8902.html]
[liberatoryai.datainfrastructures.org/wp-content/plugins/svg-support/css/svgs-attachment2966.css]
[liberatoryai.datainfrastructures.org/wp-content/themes/islands/styled94c.css]
[liberatoryai.datainfrastructures.org/wp-content/themes/twentytwentyfive/styled361.css]
[liberatoryai.datainfrastructures.org/wp-content/themes/twentytwentyfive/style9c33.css]
[liberatoryai.datainfrastructures.org/index7b2c.html]
[liberatoryai.datainfrastructures.org/wp-content/plugins/svg-support/css/svgs-attachment79d8.css]
[liberatoryai.datainfrastructures.org/wp-content/themes/islands/style530f.css]
[liberatoryai.datainfrastructures.org/wp-content/themes/twentytwentyfive/styleaf9f.css]
[liberatoryai.datainfrastructures.org/wp-content/themes/twentytwentyfive/style3732.css]
[liberatoryai.datainfrastructures.org/index5ed0.html]
[liberatoryai.datainfrastructures.org/wp-content/plugins/svg-support/css/svgs-attachment5d1f.css]
[liberatoryai.datainfrastructures.org/wp-content/themes/islands/stylee8a2.css]
[liberatoryai.datainfrastructures.org/wp-content/themes/twentytwentyfive/stylea675.css]
[liberatoryai.datainfrastructures.org/wp-content/themes/twentytwentyfive/stylee196.css]
[liberatoryai.datainfrastructures.org/indexc807.html]
[liberatoryai.datainfrastructures.org/wp-content/plugins/modern-footnotes/styles.min81d9.css]
[liberatoryai.datainfrastructures.org/wp-content/plugins/svg-support/css/svgs-attachment8924.css]
[liberatoryai.datainfrastructures.org/wp-content/themes/islands/style7d37.css]
[liberatoryai.datainfrastructures.org/wp-content/themes/twentytwentyfive/styleb256.css]
[liberatoryai.datainfrastructures.org/wp-content/themes/twentytwentyfive/stylea3fb.css]
[liberatoryai.datainfrastructures.org/index3dc6.html]
[liberatoryai.datainfrastructures.org/wp-content/plugins/svg-support/css/svgs-attachmentf82e.css]
[liberatoryai.datainfrastructures.org/wp-content/themes/islands/style8f48.css]
[liberatoryai.datainfrastructures.org/wp-content/themes/twentytwentyfive/style7798.css]
[liberatoryai.datainfrastructures.org/wp-content/themes/twentytwentyfive/style127d.css]
[liberatoryai.datainfrastructures.org/index905b.html]
[liberatoryai.datainfrastructures.org/wp-content/plugins/svg-support/css/svgs-attachmentba77.css]
[liberatoryai.datainfrastructures.org/wp-content/themes/islands/style78d5.css]
[liberatoryai.datainfrastructures.org/wp-content/themes/twentytwentyfive/style5022.css]
[liberatoryai.datainfrastructures.org/wp-content/themes/twentytwentyfive/style3107.css]
[liberatoryai.datainfrastructures.org/index4837.html]
[liberatoryai.datainfrastructures.org/author/bianchi/feed/index.html]
[liberatoryai.datainfrastructures.org/wp-includes/js/jquery/jquery.min6fb7.js]
[liberatoryai.datainfrastructures.org/wp-includes/js/jquery/jquery-migrate.min4d3b.js]
[liberatoryai.datainfrastructures.org/wp-content/themes/islands/js/demo0baf.js]
[liberatoryai.datainfrastructures.org/author/bianchi/index.html]
[liberatoryai.datainfrastructures.org/author/catherine/feed/index.html]
[liberatoryai.datainfrastructures.org/wp-includes/js/jquery/jquery.minb724.js]
[liberatoryai.datainfrastructures.org/wp-includes/js/jquery/jquery-migrate.minc735.js]
[liberatoryai.datainfrastructures.org/wp-content/themes/islands/js/demo8cb2.js]
[liberatoryai.datainfrastructures.org/author/catherine/index.html]
[liberatoryai.datainfrastructures.org/wp-includes/js/jquery/jquery.min8d3c.js]
[liberatoryai.datainfrastructures.org/author/kendra/feed/index.html]
[liberatoryai.datainfrastructures.org/wp-includes/js/jquery/jquery-migrate.min45fd.js]
[liberatoryai.datainfrastructures.org/wp-content/themes/islands/js/demo6e62.js]
[liberatoryai.datainfrastructures.org/author/kendra/index.html]
[liberatoryai.datainfrastructures.org/author/lauren/feed/index.html]
[liberatoryai.datainfrastructures.org/wp-includes/js/jquery/jquery.min30f2.js]
[liberatoryai.datainfrastructures.org/wp-includes/js/jquery/jquery-migrate.min0278.js]
[liberatoryai.datainfrastructures.org/wp-content/themes/islands/js/demo677b.js]
[liberatoryai.datainfrastructures.org/author/lauren/index.html]
[liberatoryai.datainfrastructures.org/author/nikko/feed/index.html]
[liberatoryai.datainfrastructures.org/wp-includes/js/jquery/jquery.min88a1.js]
[liberatoryai.datainfrastructures.org/wp-includes/js/jquery/jquery-migrate.min2810.js]
[liberatoryai.datainfrastructures.org/wp-content/themes/islands/js/demo44b5.js]
[liberatoryai.datainfrastructures.org/author/nikko/index.html]
[liberatoryai.datainfrastructures.org/author/sybille/feed/index.html]
[liberatoryai.datainfrastructures.org/wp-includes/js/jquery/jquery.mindb6c.js]
[liberatoryai.datainfrastructures.org/wp-includes/js/jquery/jquery-migrate.mine19b.js]
[liberatoryai.datainfrastructures.org/wp-content/themes/islands/js/demo2e0a.js]
[liberatoryai.datainfrastructures.org/author/sybille/index.html]
[liberatoryai.datainfrastructures.org/wp-content/plugins/svg-support/css/svgs-attachmentf839.css]
[liberatoryai.datainfrastructures.org/wp-content/themes/islands/stylea85c.css]
[liberatoryai.datainfrastructures.org/wp-content/themes/twentytwentyfive/style9d5d.css]
[liberatoryai.datainfrastructures.org/wp-content/themes/twentytwentyfive/stylecd68.css]
[liberatoryai.datainfrastructures.org/wp-content/plugins/svg-support/css/svgs-attachment80db.css]
[liberatoryai.datainfrastructures.org/wp-content/themes/islands/style96cd.css]
[liberatoryai.datainfrastructures.org/wp-content/themes/twentytwentyfive/style8e82.css]
[liberatoryai.datainfrastructures.org/wp-content/themes/twentytwentyfive/style5619.css]
[liberatoryai.datainfrastructures.org/wp-content/plugins/svg-support/css/svgs-attachmentc181.css]
[liberatoryai.datainfrastructures.org/wp-content/themes/islands/stylefdd9.css]
[liberatoryai.datainfrastructures.org/wp-content/themes/twentytwentyfive/style0c99.css]
[liberatoryai.datainfrastructures.org/wp-content/themes/twentytwentyfive/stylec20c.css]
[liberatoryai.datainfrastructures.org/wp-content/plugins/svg-support/css/svgs-attachment795a.css]
[liberatoryai.datainfrastructures.org/wp-content/themes/islands/style9576.css]
[liberatoryai.datainfrastructures.org/wp-content/themes/twentytwentyfive/style9ec9.css]
[liberatoryai.datainfrastructures.org/wp-content/themes/twentytwentyfive/styledb09.css]
[liberatoryai.datainfrastructures.org/wp-content/plugins/svg-support/css/svgs-attachment7958.css]
[liberatoryai.datainfrastructures.org/wp-content/themes/islands/style1b5b.css]
[liberatoryai.datainfrastructures.org/wp-content/themes/twentytwentyfive/style8ddc.css]
[liberatoryai.datainfrastructures.org/wp-content/themes/twentytwentyfive/style21e0.css]
[liberatoryai.datainfrastructures.org/wp-content/plugins/svg-support/css/svgs-attachmentebc6.css]
[liberatoryai.datainfrastructures.org/wp-content/themes/islands/style5fcd.css]
[liberatoryai.datainfrastructures.org/wp-content/themes/twentytwentyfive/style6b9d.css]
[liberatoryai.datainfrastructures.org/wp-content/themes/twentytwentyfive/stylecfe6.css]
[liberatoryai.datainfrastructures.org/wp-content/plugins/svg-support/css/svgs-attachment6f2e.css]
[liberatoryai.datainfrastructures.org/wp-content/themes/islands/stylef189.css]
[liberatoryai.datainfrastructures.org/wp-content/themes/twentytwentyfive/stylefc6f.css]
[liberatoryai.datainfrastructures.org/wp-content/themes/twentytwentyfive/styleacd7.css]
[liberatoryai.datainfrastructures.org/wp-json/wp/v2/users/3.json]
[liberatoryai.datainfrastructures.org/wp-content/plugins/svg-support/css/svgs-attachment6a19.css]
[liberatoryai.datainfrastructures.org/wp-content/themes/islands/style23d2.css]
[liberatoryai.datainfrastructures.org/wp-content/themes/twentytwentyfive/style071d.css]
[liberatoryai.datainfrastructures.org/wp-content/themes/twentytwentyfive/style78b0.css]
[liberatoryai.datainfrastructures.org/wp-json/wp/v2/users/2.json]
[liberatoryai.datainfrastructures.org/wp-content/plugins/svg-support/css/svgs-attachment0f32.css]
[liberatoryai.datainfrastructures.org/wp-content/themes/islands/styleb1a9.css]
[liberatoryai.datainfrastructures.org/wp-content/themes/twentytwentyfive/style831d.css]
[liberatoryai.datainfrastructures.org/wp-content/themes/twentytwentyfive/style5fa0.css]
[liberatoryai.datainfrastructures.org/wp-json/wp/v2/users/9.json]
[liberatoryai.datainfrastructures.org/wp-content/plugins/svg-support/css/svgs-attachment3569.css]
[liberatoryai.datainfrastructures.org/wp-content/themes/islands/style81b2.css]
[liberatoryai.datainfrastructures.org/wp-content/themes/twentytwentyfive/styleadec.css]
[liberatoryai.datainfrastructures.org/wp-content/themes/twentytwentyfive/style2f3e.css]
[liberatoryai.datainfrastructures.org/wp-json/wp/v2/users/12.json]
[liberatoryai.datainfrastructures.org/wp-content/plugins/svg-support/css/svgs-attachment9ddd.css]
[liberatoryai.datainfrastructures.org/wp-content/themes/islands/stylea1e1.css]
[liberatoryai.datainfrastructures.org/wp-content/themes/twentytwentyfive/style66eb.css]
[liberatoryai.datainfrastructures.org/wp-content/themes/twentytwentyfive/style7691.css]
[liberatoryai.datainfrastructures.org/wp-json/wp/v2/users/4.json]
[liberatoryai.datainfrastructures.org/wp-content/plugins/svg-support/css/svgs-attachmentba2d.css]
[liberatoryai.datainfrastructures.org/wp-content/themes/islands/style4167.css]
[liberatoryai.datainfrastructures.org/wp-content/themes/twentytwentyfive/stylee55d.css]
[liberatoryai.datainfrastructures.org/wp-content/themes/twentytwentyfive/style0daa.css]
[liberatoryai.datainfrastructures.org/wp-json/wp/v2/users/5.json]
